%!Adobe-FontList 1.23
%Locale:0x40c

%BeginFont
Handler:DirectoryHandler
FontType:TrueType
FontName:Humane-Bold
FamilyName:Humane
StyleName:Bold
FullName:Humane Bold
MenuName:Mango Grotesque
StyleBits:2
WritingScript:Roman
OutlineFileName:C:\Users\marti\Desktop\devoir ensaama\dnmade3\projet_memoire\Font\OpenType-TT\Humane-Bold.ttf
DataFormat:sfntData
hasSVG:no
VariableFontType:NonVariableFont
FileLength:47692
FileModTime:1742213867
WeightClass:700
WidthClass:5
AngleClass:0
NameArray:0,Mac,4,Humane Bold
NameArray:0,Win,1,Mango Grotesque
NameArray:0,Win,16,Humane
%EndFont

%BeginFont
Handler:DirectoryHandler
FontType:TrueType
FontName:Humane-ExtraLight
FamilyName:Humane
StyleName:Extra Light
FullName:Humane Extra Light
MenuName:Mango Grotesque ExtLt
StyleBits:0
WritingScript:Roman
OutlineFileName:C:\Users\marti\Desktop\devoir ensaama\dnmade3\projet_memoire\Font\OpenType-TT\Humane-ExtraLight.ttf
DataFormat:sfntData
hasSVG:no
VariableFontType:NonVariableFont
FileLength:48864
FileModTime:1742213867
WeightClass:200
WidthClass:5
AngleClass:0
NameArray:0,Mac,4,Humane Extra Light
NameArray:0,Win,1,Mango Grotesque ExtLt
NameArray:0,Win,16,Humane
%EndFont

%BeginFont
Handler:DirectoryHandler
FontType:TrueType
FontName:Humane-Light
FamilyName:Humane
StyleName:Light
FullName:Humane Light
MenuName:Mango Grotesque Light
StyleBits:0
WritingScript:Roman
OutlineFileName:C:\Users\marti\Desktop\devoir ensaama\dnmade3\projet_memoire\Font\OpenType-TT\Humane-Light.ttf
DataFormat:sfntData
hasSVG:no
VariableFontType:NonVariableFont
FileLength:48588
FileModTime:1742213867
WeightClass:300
WidthClass:5
AngleClass:0
NameArray:0,Mac,4,Humane Light
NameArray:0,Win,1,Mango Grotesque Light
NameArray:0,Win,16,Humane
%EndFont

%BeginFont
Handler:DirectoryHandler
FontType:TrueType
FontName:Humane-Medium
FamilyName:Humane
StyleName:Medium
FullName:Humane Medium
MenuName:Mango Grotesque Med
StyleBits:0
WritingScript:Roman
OutlineFileName:C:\Users\marti\Desktop\devoir ensaama\dnmade3\projet_memoire\Font\OpenType-TT\Humane-Medium.ttf
DataFormat:sfntData
hasSVG:no
VariableFontType:NonVariableFont
FileLength:48008
FileModTime:1742213867
WeightClass:500
WidthClass:5
AngleClass:0
NameArray:0,Mac,4,Humane Medium
NameArray:0,Win,1,Mango Grotesque Med
NameArray:0,Win,16,Humane
%EndFont

%BeginFont
Handler:DirectoryHandler
FontType:TrueType
FontName:Humane-Regular
FamilyName:Humane
StyleName:Regular
FullName:Humane Regular
MenuName:Mango Grotesque
StyleBits:0
WritingScript:Roman
OutlineFileName:C:\Users\marti\Desktop\devoir ensaama\dnmade3\projet_memoire\Font\OpenType-TT\Humane-Regular.ttf
DataFormat:sfntData
hasSVG:no
VariableFontType:NonVariableFont
FileLength:48468
FileModTime:1742213867
WeightClass:400
WidthClass:5
AngleClass:0
NameArray:0,Mac,4,Humane Regular
NameArray:0,Win,1,Mango Grotesque
NameArray:0,Win,16,Humane
%EndFont

%BeginFont
Handler:DirectoryHandler
FontType:TrueType
FontName:Humane-SemiBold
FamilyName:Humane
StyleName:Semi Bold
FullName:Humane Semi Bold
MenuName:Mango Grotesque SemBd
StyleBits:0
WritingScript:Roman
OutlineFileName:C:\Users\marti\Desktop\devoir ensaama\dnmade3\projet_memoire\Font\OpenType-TT\Humane-SemiBold.ttf
DataFormat:sfntData
hasSVG:no
VariableFontType:NonVariableFont
FileLength:47760
FileModTime:1742213867
WeightClass:600
WidthClass:5
AngleClass:0
NameArray:0,Mac,4,Humane Semi Bold
NameArray:0,Win,1,Mango Grotesque SemBd
NameArray:0,Win,16,Humane
%EndFont

%BeginFont
Handler:DirectoryHandler
FontType:TrueType
FontName:Humane-Thin
FamilyName:Humane
StyleName:Thin
FullName:Humane Thin
MenuName:Mango Grotesque Thin
StyleBits:0
WritingScript:Roman
OutlineFileName:C:\Users\marti\Desktop\devoir ensaama\dnmade3\projet_memoire\Font\OpenType-TT\Humane-Thin.ttf
DataFormat:sfntData
hasSVG:no
VariableFontType:NonVariableFont
FileLength:47488
FileModTime:1742213867
WeightClass:100
WidthClass:5
AngleClass:0
NameArray:0,Mac,4,Humane Thin
NameArray:0,Win,1,Mango Grotesque Thin
NameArray:0,Win,16,Humane
%EndFont

